// Jest Snapshot v1, https://goo.gl/fbAQLP

exports[`Should send and receive a text message 1`] = `
Message {
  "headers": Object {
    "upsub-channel": "some-channel",
    "upsub-message-type": "text",
  },
  "payload": "message",
}
`;

exports[`Should set options 1`] = `
Object {
  "appID": undefined,
  "name": undefined,
  "pingInterval": 30000,
  "pongTimeout": 5000,
  "public": undefined,
  "reconnectionDelay": 2000,
  "secret": undefined,
  "subprotocol": undefined,
}
`;

exports[`Should set options 2`] = `
Object {
  "appID": "app-id",
  "name": undefined,
  "pingInterval": 5000,
  "pongTimeout": 5000,
  "public": "public",
  "reconnectionDelay": 3000,
  "secret": "secret",
  "subprotocol": "subprotocol",
}
`;

exports[`Should throw error if .on second argument isn't a function 1`] = `"Second argument should be a function"`;
