// Jest Snapshot v1, https://goo.gl/fbAQLP

exports[`Should create a request and subscribe for a response 1`] = `Array []`;

exports[`Should create a request and subscribe for a response 2`] = `
Object {
  "connect": Array [
    [Function],
  ],
  "error": Array [
    [Function],
  ],
}
`;

exports[`Should send and receive a text message 1`] = `
Message {
  "headers": Object {
    "upsub-channel": "some-channel",
    "upsub-message-type": "text",
  },
  "payload": "message",
}
`;

exports[`Should set options 1`] = `
Object {
  "appID": undefined,
  "name": undefined,
  "pingInterval": 30000,
  "pongTimeout": 5000,
  "public": undefined,
  "reconnectionDelay": 2000,
  "requestTimeout": 5000,
  "secret": undefined,
  "subprotocol": undefined,
  "subscriptionTimeout": 2000,
}
`;

exports[`Should set options 2`] = `
Object {
  "appID": "app-id",
  "name": undefined,
  "pingInterval": 5000,
  "pongTimeout": 5000,
  "public": "public",
  "reconnectionDelay": 3000,
  "requestTimeout": 2000,
  "secret": "secret",
  "subprotocol": "subprotocol",
  "subscriptionTimeout": 3000,
}
`;

exports[`Should throw error if .on second argument isn't a function 1`] = `"Second argument should be a function"`;

exports[`Should throw error if request times out 1`] = `[Error: Request timeout, didn't receive response from client]`;
